Archive member included to satisfy reference by file (symbol)

/mnt/c/demoAssembly/toolchain/i686-elf/lib/gcc/i686-elf/11.2.0/libgcc.a(_udivmoddi4.o)
                              /mnt/c/demoAssembly/build/stage2/c/stdio.obj (__udivmoddi4)

Memory Configuration

Name             Origin             Length             Attributes
*default*        0x0000000000000000 0xffffffffffffffff

Linker script and memory map

LOAD /mnt/c/demoAssembly/build/stage2/asm/entry.obj
LOAD /mnt/c/demoAssembly/build/stage2/asm/x86.obj
LOAD /mnt/c/demoAssembly/build/stage2/c/ctype.obj
LOAD /mnt/c/demoAssembly/build/stage2/c/disk.obj
LOAD /mnt/c/demoAssembly/build/stage2/c/fat.obj
LOAD /mnt/c/demoAssembly/build/stage2/c/main.obj
LOAD /mnt/c/demoAssembly/build/stage2/c/memory.obj
LOAD /mnt/c/demoAssembly/build/stage2/c/stdio.obj
LOAD /mnt/c/demoAssembly/build/stage2/c/string.obj
LOAD /mnt/c/demoAssembly/build/stage2/c/vbe.obj
LOAD /mnt/c/demoAssembly/toolchain/i686-elf/lib/gcc/i686-elf/11.2.0/libgcc.a
                0x0000000000000500                phys = 0x500
                0x0000000000000500                . = phys

.entry          0x0000000000000500       0xc0
                0x0000000000000500                __entry_start = .
 *(.entry)
 .entry         0x0000000000000500       0xc0 /mnt/c/demoAssembly/build/stage2/asm/entry.obj
                0x0000000000000500                entry
                0x000000000000058b                LoadGDT

.text           0x00000000000005c0     0x22f7
                0x00000000000005c0                __text_start = .
 *(.text)
 .text          0x00000000000005c0      0x35c /mnt/c/demoAssembly/build/stage2/asm/x86.obj
                0x00000000000005c0                x86_outb
                0x00000000000005cb                x86_inb
                0x00000000000005d4                x86_realmode_putc
                0x0000000000000619                x86_Disk_GetDriveParams
                0x00000000000006df                x86_Disk_Reset
                0x0000000000000732                x86_Disk_Read
                0x00000000000007b3                x86_Video_GetVbeInfo
                0x0000000000000829                x86_Video_GetModeInfo
                0x00000000000008a6                x86_Video_SetMode
 *fill*         0x000000000000091c        0x4 
 .text          0x0000000000000920       0x34 /mnt/c/demoAssembly/build/stage2/c/ctype.obj
                0x0000000000000920                isLower
                0x0000000000000940                toupper
 *fill*         0x0000000000000954        0xc 
 .text          0x0000000000000960      0x131 /mnt/c/demoAssembly/build/stage2/c/disk.obj
                0x0000000000000960                DISK_Initialize
                0x00000000000009b0                DISK_LBA2CHS
                0x0000000000000a10                DISK_ReadSectors
 *fill*         0x0000000000000a91        0xf 
 .text          0x0000000000000aa0      0x8c5 /mnt/c/demoAssembly/build/stage2/c/fat.obj
                0x0000000000000aa0                FAT_ReadBootSector
                0x0000000000000ac0                FAT_ReadFat
                0x0000000000000af0                FAT_Initialize
                0x0000000000000cd0                FAT_ClusterToLba
                0x0000000000000cf0                FAT_OpenEntry
                0x0000000000000df0                FAT_NextCluster
                0x0000000000000e30                FAT_Read
                0x0000000000001040                FAT_ReadEntry
                0x0000000000001070                FAT_Close
                0x00000000000010c0                FAT_FindFile
                0x00000000000011e0                FAT_Open
 *fill*         0x0000000000001365        0xb 
 .text          0x0000000000001370      0x10f /mnt/c/demoAssembly/build/stage2/c/main.obj
                0x0000000000001370                puts_realmode
                0x00000000000013b0                start
 *fill*         0x000000000000147f        0x1 
 .text          0x0000000000001480       0xb7 /mnt/c/demoAssembly/build/stage2/c/memory.obj
                0x0000000000001480                memcpy
                0x00000000000014c0                memset
                0x00000000000014f0                memcmp
 *fill*         0x0000000000001537        0x9 
 .text          0x0000000000001540     0x1082 /mnt/c/demoAssembly/build/stage2/c/stdio.obj
                0x0000000000001540                putchr
                0x0000000000001560                putcolor
                0x0000000000001580                getchr
                0x00000000000015a0                getcolor
                0x00000000000015c0                setCursor
                0x0000000000001620                clrscr
                0x00000000000016c0                scrollback
                0x00000000000017a0                putc
                0x0000000000001900                puts
                0x0000000000001940                printf_unsigned
                0x00000000000019e0                printf_signed
                0x0000000000001b50                printf
                0x0000000000002520                print_buffer
 *fill*         0x00000000000025c2        0xe 
 .text          0x00000000000025d0       0x9b /mnt/c/demoAssembly/build/stage2/c/string.obj
                0x00000000000025d0                strchr
                0x0000000000002600                strcpy
                0x0000000000002650                strlen
 *fill*         0x000000000000266b        0x5 
 .text          0x0000000000002670       0x5a /mnt/c/demoAssembly/build/stage2/c/vbe.obj
                0x0000000000002670                VBE_GetControllerInfo
                0x0000000000002690                VBE_GetModeInfo
                0x00000000000026b0                VBE_SetMode
 *fill*         0x00000000000026ca        0x6 
 .text          0x00000000000026d0      0x1e7 /mnt/c/demoAssembly/toolchain/i686-elf/lib/gcc/i686-elf/11.2.0/libgcc.a(_udivmoddi4.o)
                0x00000000000026d0                __udivmoddi4

.data           0x00000000000028b8        0xc
                0x00000000000028b8                __data_start = .
 *(.data)
 .data          0x00000000000028b8        0x0 /mnt/c/demoAssembly/build/stage2/c/ctype.obj
 .data          0x00000000000028b8        0x0 /mnt/c/demoAssembly/build/stage2/c/disk.obj
 .data          0x00000000000028b8        0x0 /mnt/c/demoAssembly/build/stage2/c/fat.obj
 .data          0x00000000000028b8        0x8 /mnt/c/demoAssembly/build/stage2/c/main.obj
                0x00000000000028b8                kernel
                0x00000000000028bc                kernelLoadBuffer
 .data          0x00000000000028c0        0x0 /mnt/c/demoAssembly/build/stage2/c/memory.obj
 .data          0x00000000000028c0        0x4 /mnt/c/demoAssembly/build/stage2/c/stdio.obj
                0x00000000000028c0                g_ScreenBuffer
 .data          0x00000000000028c4        0x0 /mnt/c/demoAssembly/build/stage2/c/string.obj
 .data          0x00000000000028c4        0x0 /mnt/c/demoAssembly/build/stage2/c/vbe.obj
 .data          0x00000000000028c4        0x0 /mnt/c/demoAssembly/toolchain/i686-elf/lib/gcc/i686-elf/11.2.0/libgcc.a(_udivmoddi4.o)

.rodata         0x00000000000028c4      0x1a8
                0x00000000000028c4                __rodata_start = .
 *(.rodata)
 .rodata        0x00000000000028c4      0x1a8 /mnt/c/demoAssembly/build/stage2/c/stdio.obj
                0x0000000000002a50                possibleChars
                0x0000000000002a61                DEFAULT_COLOR
                0x0000000000002a64                SCREEN_HEIGHT
                0x0000000000002a68                SCREEN_WIDTH

.rodata.str1.4  0x0000000000002a6c       0xad
 .rodata.str1.4
                0x0000000000002a6c       0xad /mnt/c/demoAssembly/build/stage2/c/fat.obj

.rodata.str1.1  0x0000000000002b19       0xa9
 .rodata.str1.1
                0x0000000000002b19       0x7a /mnt/c/demoAssembly/build/stage2/c/fat.obj
 .rodata.str1.1
                0x0000000000002b93       0x2f /mnt/c/demoAssembly/build/stage2/c/main.obj

.eh_frame       0x0000000000002bc4       0x58
 .eh_frame      0x0000000000002bc4       0x58 /mnt/c/demoAssembly/toolchain/i686-elf/lib/gcc/i686-elf/11.2.0/libgcc.a(_udivmoddi4.o)

.bss            0x0000000000002c1c       0x14
                0x0000000000002c1c                __bss_start = .
 *(.bss)
 .bss           0x0000000000002c1c        0x0 /mnt/c/demoAssembly/build/stage2/c/ctype.obj
 .bss           0x0000000000002c1c        0x0 /mnt/c/demoAssembly/build/stage2/c/disk.obj
 .bss           0x0000000000002c1c        0xc /mnt/c/demoAssembly/build/stage2/c/fat.obj
 .bss           0x0000000000002c28        0x0 /mnt/c/demoAssembly/build/stage2/c/main.obj
 .bss           0x0000000000002c28        0x0 /mnt/c/demoAssembly/build/stage2/c/memory.obj
 .bss           0x0000000000002c28        0x8 /mnt/c/demoAssembly/build/stage2/c/stdio.obj
                0x0000000000002c28                g_ScreenY
                0x0000000000002c2c                g_ScreenX
 .bss           0x0000000000002c30        0x0 /mnt/c/demoAssembly/build/stage2/c/string.obj
 .bss           0x0000000000002c30        0x0 /mnt/c/demoAssembly/build/stage2/c/vbe.obj
 .bss           0x0000000000002c30        0x0 /mnt/c/demoAssembly/toolchain/i686-elf/lib/gcc/i686-elf/11.2.0/libgcc.a(_udivmoddi4.o)
                0x0000000000002c30                __end = .
OUTPUT(/mnt/c/demoAssembly/build/stage2.bin binary)

.debug_info     0x0000000000000000     0x2f3c
 .debug_info    0x0000000000000000       0xfa /mnt/c/demoAssembly/build/stage2/c/ctype.obj
 .debug_info    0x00000000000000fa      0x362 /mnt/c/demoAssembly/build/stage2/c/disk.obj
 .debug_info    0x000000000000045c      0xd55 /mnt/c/demoAssembly/build/stage2/c/fat.obj
 .debug_info    0x00000000000011b1      0x36d /mnt/c/demoAssembly/build/stage2/c/main.obj
 .debug_info    0x000000000000151e      0x22c /mnt/c/demoAssembly/build/stage2/c/memory.obj
 .debug_info    0x000000000000174a     0x1046 /mnt/c/demoAssembly/build/stage2/c/stdio.obj
 .debug_info    0x0000000000002790      0x155 /mnt/c/demoAssembly/build/stage2/c/string.obj
 .debug_info    0x00000000000028e5      0x3dc /mnt/c/demoAssembly/build/stage2/c/vbe.obj
 .debug_info    0x0000000000002cc1      0x27b /mnt/c/demoAssembly/toolchain/i686-elf/lib/gcc/i686-elf/11.2.0/libgcc.a(_udivmoddi4.o)

.debug_abbrev   0x0000000000000000      0xed6
 .debug_abbrev  0x0000000000000000       0xb6 /mnt/c/demoAssembly/build/stage2/c/ctype.obj
 .debug_abbrev  0x00000000000000b6      0x1b2 /mnt/c/demoAssembly/build/stage2/c/disk.obj
 .debug_abbrev  0x0000000000000268      0x3a5 /mnt/c/demoAssembly/build/stage2/c/fat.obj
 .debug_abbrev  0x000000000000060d      0x19a /mnt/c/demoAssembly/build/stage2/c/main.obj
 .debug_abbrev  0x00000000000007a7      0x118 /mnt/c/demoAssembly/build/stage2/c/memory.obj
 .debug_abbrev  0x00000000000008bf      0x357 /mnt/c/demoAssembly/build/stage2/c/stdio.obj
 .debug_abbrev  0x0000000000000c16       0xb1 /mnt/c/demoAssembly/build/stage2/c/string.obj
 .debug_abbrev  0x0000000000000cc7      0x107 /mnt/c/demoAssembly/build/stage2/c/vbe.obj
 .debug_abbrev  0x0000000000000dce      0x108 /mnt/c/demoAssembly/toolchain/i686-elf/lib/gcc/i686-elf/11.2.0/libgcc.a(_udivmoddi4.o)

.debug_loclists
                0x0000000000000000     0x1c5b
 .debug_loclists
                0x0000000000000000       0x14 /mnt/c/demoAssembly/build/stage2/c/ctype.obj
 .debug_loclists
                0x0000000000000014      0x138 /mnt/c/demoAssembly/build/stage2/c/disk.obj
 .debug_loclists
                0x000000000000014c      0x597 /mnt/c/demoAssembly/build/stage2/c/fat.obj
 .debug_loclists
                0x00000000000006e3       0x90 /mnt/c/demoAssembly/build/stage2/c/main.obj
 .debug_loclists
                0x0000000000000773      0x18f /mnt/c/demoAssembly/build/stage2/c/memory.obj
 .debug_loclists
                0x0000000000000902      0xe99 /mnt/c/demoAssembly/build/stage2/c/stdio.obj
 .debug_loclists
                0x000000000000179b       0xf7 /mnt/c/demoAssembly/build/stage2/c/string.obj
 .debug_loclists
                0x0000000000001892       0x1d /mnt/c/demoAssembly/build/stage2/c/vbe.obj
 .debug_loclists
                0x00000000000018af      0x3ac /mnt/c/demoAssembly/toolchain/i686-elf/lib/gcc/i686-elf/11.2.0/libgcc.a(_udivmoddi4.o)

.debug_aranges  0x0000000000000000      0x120
 .debug_aranges
                0x0000000000000000       0x20 /mnt/c/demoAssembly/build/stage2/c/ctype.obj
 .debug_aranges
                0x0000000000000020       0x20 /mnt/c/demoAssembly/build/stage2/c/disk.obj
 .debug_aranges
                0x0000000000000040       0x20 /mnt/c/demoAssembly/build/stage2/c/fat.obj
 .debug_aranges
                0x0000000000000060       0x20 /mnt/c/demoAssembly/build/stage2/c/main.obj
 .debug_aranges
                0x0000000000000080       0x20 /mnt/c/demoAssembly/build/stage2/c/memory.obj
 .debug_aranges
                0x00000000000000a0       0x20 /mnt/c/demoAssembly/build/stage2/c/stdio.obj
 .debug_aranges
                0x00000000000000c0       0x20 /mnt/c/demoAssembly/build/stage2/c/string.obj
 .debug_aranges
                0x00000000000000e0       0x20 /mnt/c/demoAssembly/build/stage2/c/vbe.obj
 .debug_aranges
                0x0000000000000100       0x20 /mnt/c/demoAssembly/toolchain/i686-elf/lib/gcc/i686-elf/11.2.0/libgcc.a(_udivmoddi4.o)

.debug_rnglists
                0x0000000000000000      0x2c5
 .debug_rnglists
                0x0000000000000000       0x13 /mnt/c/demoAssembly/build/stage2/c/ctype.obj
 .debug_rnglists
                0x0000000000000013       0x22 /mnt/c/demoAssembly/build/stage2/c/disk.obj
 .debug_rnglists
                0x0000000000000035       0xc0 /mnt/c/demoAssembly/build/stage2/c/fat.obj
 .debug_rnglists
                0x00000000000000f5       0x19 /mnt/c/demoAssembly/build/stage2/c/memory.obj
 .debug_rnglists
                0x000000000000010e      0x19b /mnt/c/demoAssembly/build/stage2/c/stdio.obj
 .debug_rnglists
                0x00000000000002a9       0x1c /mnt/c/demoAssembly/toolchain/i686-elf/lib/gcc/i686-elf/11.2.0/libgcc.a(_udivmoddi4.o)

.debug_line     0x0000000000000000     0x1b1a
 .debug_line    0x0000000000000000       0x7b /mnt/c/demoAssembly/build/stage2/c/ctype.obj
 .debug_line    0x000000000000007b      0x15d /mnt/c/demoAssembly/build/stage2/c/disk.obj
 .debug_line    0x00000000000001d8      0x7b3 /mnt/c/demoAssembly/build/stage2/c/fat.obj
 .debug_line    0x000000000000098b      0x11b /mnt/c/demoAssembly/build/stage2/c/main.obj
 .debug_line    0x0000000000000aa6      0x127 /mnt/c/demoAssembly/build/stage2/c/memory.obj
 .debug_line    0x0000000000000bcd      0xba9 /mnt/c/demoAssembly/build/stage2/c/stdio.obj
 .debug_line    0x0000000000001776       0xe1 /mnt/c/demoAssembly/build/stage2/c/string.obj
 .debug_line    0x0000000000001857       0x9e /mnt/c/demoAssembly/build/stage2/c/vbe.obj
 .debug_line    0x00000000000018f5      0x225 /mnt/c/demoAssembly/toolchain/i686-elf/lib/gcc/i686-elf/11.2.0/libgcc.a(_udivmoddi4.o)

.debug_str      0x0000000000000000     0x144f
 .debug_str     0x0000000000000000       0xee /mnt/c/demoAssembly/build/stage2/c/ctype.obj
 .debug_str     0x00000000000000ee      0x1c9 /mnt/c/demoAssembly/build/stage2/c/disk.obj
 .debug_str     0x00000000000002b7      0x5ec /mnt/c/demoAssembly/build/stage2/c/fat.obj
 .debug_str     0x00000000000008a3      0x206 /mnt/c/demoAssembly/build/stage2/c/main.obj
 .debug_str     0x0000000000000aa9      0x129 /mnt/c/demoAssembly/build/stage2/c/memory.obj
 .debug_str     0x0000000000000bd2      0x262 /mnt/c/demoAssembly/build/stage2/c/stdio.obj
 .debug_str     0x0000000000000e34       0xf5 /mnt/c/demoAssembly/build/stage2/c/string.obj
 .debug_str     0x0000000000000f29      0x34d /mnt/c/demoAssembly/build/stage2/c/vbe.obj
 .debug_str     0x0000000000001276      0x1d9 /mnt/c/demoAssembly/toolchain/i686-elf/lib/gcc/i686-elf/11.2.0/libgcc.a(_udivmoddi4.o)

.debug_line_str
                0x0000000000000000      0x6be
 .debug_line_str
                0x0000000000000000       0x6c /mnt/c/demoAssembly/build/stage2/c/ctype.obj
 .debug_line_str
                0x000000000000006c       0xca /mnt/c/demoAssembly/build/stage2/c/disk.obj
 .debug_line_str
                0x0000000000000136       0xe9 /mnt/c/demoAssembly/build/stage2/c/fat.obj
 .debug_line_str
                0x000000000000021f       0xe1 /mnt/c/demoAssembly/build/stage2/c/main.obj
 .debug_line_str
                0x0000000000000300       0xc3 /mnt/c/demoAssembly/build/stage2/c/memory.obj
 .debug_line_str
                0x00000000000003c3       0xcf /mnt/c/demoAssembly/build/stage2/c/stdio.obj
 .debug_line_str
                0x0000000000000492       0x6f /mnt/c/demoAssembly/build/stage2/c/string.obj
 .debug_line_str
                0x0000000000000501       0xc6 /mnt/c/demoAssembly/build/stage2/c/vbe.obj
 .debug_line_str
                0x00000000000005c7       0xf7 /mnt/c/demoAssembly/toolchain/i686-elf/lib/gcc/i686-elf/11.2.0/libgcc.a(_udivmoddi4.o)

.comment        0x0000000000000000       0xab
 .comment       0x0000000000000000       0x13 /mnt/c/demoAssembly/build/stage2/c/ctype.obj
 .comment       0x0000000000000013       0x13 /mnt/c/demoAssembly/build/stage2/c/disk.obj
 .comment       0x0000000000000026       0x13 /mnt/c/demoAssembly/build/stage2/c/fat.obj
 .comment       0x0000000000000039       0x13 /mnt/c/demoAssembly/build/stage2/c/main.obj
 .comment       0x000000000000004c       0x13 /mnt/c/demoAssembly/build/stage2/c/memory.obj
 .comment       0x000000000000005f       0x13 /mnt/c/demoAssembly/build/stage2/c/stdio.obj
 .comment       0x0000000000000072       0x13 /mnt/c/demoAssembly/build/stage2/c/string.obj
 .comment       0x0000000000000085       0x13 /mnt/c/demoAssembly/build/stage2/c/vbe.obj
 .comment       0x0000000000000098       0x13 /mnt/c/demoAssembly/toolchain/i686-elf/lib/gcc/i686-elf/11.2.0/libgcc.a(_udivmoddi4.o)

.debug_frame    0x0000000000000000      0x708
 .debug_frame   0x0000000000000000       0x54 /mnt/c/demoAssembly/build/stage2/c/ctype.obj
 .debug_frame   0x0000000000000054       0x90 /mnt/c/demoAssembly/build/stage2/c/disk.obj
 .debug_frame   0x00000000000000e4      0x234 /mnt/c/demoAssembly/build/stage2/c/fat.obj
 .debug_frame   0x0000000000000318       0x58 /mnt/c/demoAssembly/build/stage2/c/main.obj
 .debug_frame   0x0000000000000370       0x8c /mnt/c/demoAssembly/build/stage2/c/memory.obj
 .debug_frame   0x00000000000003fc      0x218 /mnt/c/demoAssembly/build/stage2/c/stdio.obj
 .debug_frame   0x0000000000000614       0x80 /mnt/c/demoAssembly/build/stage2/c/string.obj
 .debug_frame   0x0000000000000694       0x74 /mnt/c/demoAssembly/build/stage2/c/vbe.obj
